The system is: Darwin - 20.4.0 - x86_64
Compiling the C compiler identification source file "CMakeCCompilerId.c" succeeded.
Compiler: /Applications/Xcode.app/Contents/Developer/Toolchains/XcodeDefault.xctoolchain/usr/bin/cc 
Build flags: 
Id flags: -c 

The output was:
0


Compilation of the C compiler identification source "CMakeCCompilerId.c" produced "CMakeCCompilerId.o"

The C compiler identification is AppleClang, found in "/Users/diaw/Ionboost/build/CMakeFiles/3.21.1/CompilerIdC/CMakeCCompilerId.o"

Compiling the CXX compiler identification source file "CMakeCXXCompilerId.cpp" succeeded.
Compiler: /Applications/Xcode.app/Contents/Developer/Toolchains/XcodeDefault.xctoolchain/usr/bin/c++ 
Build flags: 
Id flags: -c 

The output was:
0


Compilation of the CXX compiler identification source "CMakeCXXCompilerId.cpp" produced "CMakeCXXCompilerId.o"

The CXX compiler identification is AppleClang, found in "/Users/diaw/Ionboost/build/CMakeFiles/3.21.1/CompilerIdCXX/CMakeCXXCompilerId.o"

Detecting C compiler ABI info compiled with the following output:
Change Dir: /Users/diaw/Ionboost/build/CMakeFiles/CMakeTmp

Run Build Command(s):/usr/bin/make -f Makefile cmTC_923cf/fast && /Applications/Xcode.app/Contents/Developer/usr/bin/make  -f CMakeFiles/cmTC_923cf.dir/build.make CMakeFiles/cmTC_923cf.dir/build
Building C object CMakeFiles/cmTC_923cf.dir/CMakeCCompilerABI.c.o
/Applications/Xcode.app/Contents/Developer/Toolchains/XcodeDefault.xctoolchain/usr/bin/cc   -isysroot /Applications/Xcode.app/Contents/Developer/Platforms/MacOSX.platform/Developer/SDKs/MacOSX11.3.sdk   -v -Wl,-v -MD -MT CMakeFiles/cmTC_923cf.dir/CMakeCCompilerABI.c.o -MF CMakeFiles/cmTC_923cf.dir/CMakeCCompilerABI.c.o.d -o CMakeFiles/cmTC_923cf.dir/CMakeCCompilerABI.c.o -c /usr/local/share/cmake-3.21/Modules/CMakeCCompilerABI.c
Apple clang version 12.0.5 (clang-1205.0.22.9)
Target: x86_64-apple-darwin20.4.0
Thread model: posix
InstalledDir: /Applications/Xcode.app/Contents/Developer/Toolchains/XcodeDefault.xctoolchain/usr/bin
clang: warning: -Wl,-v: 'linker' input unused [-Wunused-command-line-argument]
 "/Applications/Xcode.app/Contents/Developer/Toolchains/XcodeDefault.xctoolchain/usr/bin/clang" -cc1 -triple x86_64-apple-macosx11.0.0 -Wdeprecated-objc-isa-usage -Werror=deprecated-objc-isa-usage -Werror=implicit-function-declaration -emit-obj -mrelax-all -disable-free -disable-llvm-verifier -discard-value-names -main-file-name CMakeCCompilerABI.c -mrelocation-model pic -pic-level 2 -mframe-pointer=all -fno-strict-return -fno-rounding-math -munwind-tables -target-sdk-version=11.3 -fvisibility-inlines-hidden-static-local-var -target-cpu penryn -debugger-tuning=lldb -target-linker-version 650.9 -v -resource-dir /Applications/Xcode.app/Contents/Developer/Toolchains/XcodeDefault.xctoolchain/usr/lib/clang/12.0.5 -dependency-file CMakeFiles/cmTC_923cf.dir/CMakeCCompilerABI.c.o.d -skip-unused-modulemap-deps -MT CMakeFiles/cmTC_923cf.dir/CMakeCCompilerABI.c.o -sys-header-deps -isysroot /Applications/Xcode.app/Contents/Developer/Platforms/MacOSX.platform/Developer/SDKs/MacOSX11.3.sdk -internal-isystem /Applications/Xcode.app/Contents/Developer/Platforms/MacOSX.platform/Developer/SDKs/MacOSX11.3.sdk/usr/local/include -internal-isystem /Applications/Xcode.app/Contents/Developer/Toolchains/XcodeDefault.xctoolchain/usr/lib/clang/12.0.5/include -internal-externc-isystem /Applications/Xcode.app/Contents/Developer/Platforms/MacOSX.platform/Developer/SDKs/MacOSX11.3.sdk/usr/include -internal-externc-isystem /Applications/Xcode.app/Contents/Developer/Toolchains/XcodeDefault.xctoolchain/usr/include -Wno-reorder-init-list -Wno-implicit-int-float-conversion -Wno-c99-designator -Wno-final-dtor-non-final-class -Wno-extra-semi-stmt -Wno-misleading-indentation -Wno-quoted-include-in-framework-header -Wno-implicit-fallthrough -Wno-enum-enum-conversion -Wno-enum-float-conversion -Wno-elaborated-enum-base -fdebug-compilation-dir /Users/diaw/Ionboost/build/CMakeFiles/CMakeTmp -ferror-limit 19 -stack-protector 1 -fstack-check -mdarwin-stkchk-strong-link -fblocks -fencode-extended-block-signature -fregister-global-dtors-with-atexit -fgnuc-version=4.2.1 -fmax-type-align=16 -fcommon -clang-vendor-feature=+disableNonDependentMemberExprInCurrentInstantiation -fno-odr-hash-protocols -mllvm -disable-aligned-alloc-awareness=1 -o CMakeFiles/cmTC_923cf.dir/CMakeCCompilerABI.c.o -x c /usr/local/share/cmake-3.21/Modules/CMakeCCompilerABI.c
clang -cc1 version 12.0.5 (clang-1205.0.22.9) default target x86_64-apple-darwin20.4.0
ignoring nonexistent directory "/Applications/Xcode.app/Contents/Developer/Platforms/MacOSX.platform/Developer/SDKs/MacOSX11.3.sdk/usr/local/include"
ignoring nonexistent directory "/Applications/Xcode.app/Contents/Developer/Platforms/MacOSX.platform/Developer/SDKs/MacOSX11.3.sdk/Library/Frameworks"
#include "..." search starts here:
#include <...> search starts here:
 /Applications/Xcode.app/Contents/Developer/Toolchains/XcodeDefault.xctoolchain/usr/lib/clang/12.0.5/include
 /Applications/Xcode.app/Contents/Developer/Platforms/MacOSX.platform/Developer/SDKs/MacOSX11.3.sdk/usr/include
 /Applications/Xcode.app/Contents/Developer/Toolchains/XcodeDefault.xctoolchain/usr/include
 /Applications/Xcode.app/Contents/Developer/Platforms/MacOSX.platform/Developer/SDKs/MacOSX11.3.sdk/System/Library/Frameworks (framework directory)
End of search list.
Linking C executable cmTC_923cf
/usr/local/bin/cmake -E cmake_link_script CMakeFiles/cmTC_923cf.dir/link.txt --verbose=1
/Applications/Xcode.app/Contents/Developer/Toolchains/XcodeDefault.xctoolchain/usr/bin/cc  -isysroot /Applications/Xcode.app/Contents/Developer/Platforms/MacOSX.platform/Developer/SDKs/MacOSX11.3.sdk -Wl,-search_paths_first -Wl,-headerpad_max_install_names  -v -Wl,-v CMakeFiles/cmTC_923cf.dir/CMakeCCompilerABI.c.o -o cmTC_923cf 
Apple clang version 12.0.5 (clang-1205.0.22.9)
Target: x86_64-apple-darwin20.4.0
Thread model: posix
InstalledDir: /Applications/Xcode.app/Contents/Developer/Toolchains/XcodeDefault.xctoolchain/usr/bin
 "/Applications/Xcode.app/Contents/Developer/Toolchains/XcodeDefault.xctoolchain/usr/bin/ld" -demangle -lto_library /Applications/Xcode.app/Contents/Developer/Toolchains/XcodeDefault.xctoolchain/usr/lib/libLTO.dylib -dynamic -arch x86_64 -platform_version macos 11.0.0 11.3 -syslibroot /Applications/Xcode.app/Contents/Developer/Platforms/MacOSX.platform/Developer/SDKs/MacOSX11.3.sdk -o cmTC_923cf -search_paths_first -headerpad_max_install_names -v CMakeFiles/cmTC_923cf.dir/CMakeCCompilerABI.c.o -lSystem /Applications/Xcode.app/Contents/Developer/Toolchains/XcodeDefault.xctoolchain/usr/lib/clang/12.0.5/lib/darwin/libclang_rt.osx.a
@(#)PROGRAM:ld  PROJECT:ld64-650.9
BUILD 00:19:30 Mar 17 2021
configured to support archs: armv6 armv7 armv7s arm64 arm64e arm64_32 i386 x86_64 x86_64h armv6m armv7k armv7m armv7em
Library search paths:
	/Applications/Xcode.app/Contents/Developer/Platforms/MacOSX.platform/Developer/SDKs/MacOSX11.3.sdk/usr/lib
Framework search paths:
	/Applications/Xcode.app/Contents/Developer/Platforms/MacOSX.platform/Developer/SDKs/MacOSX11.3.sdk/System/Library/Frameworks/



Parsed C implicit include dir info from above output: rv=done
  found start of include info
  found start of implicit include info
    add: [/Applications/Xcode.app/Contents/Developer/Toolchains/XcodeDefault.xctoolchain/usr/lib/clang/12.0.5/include]
    add: [/Applications/Xcode.app/Contents/Developer/Platforms/MacOSX.platform/Developer/SDKs/MacOSX11.3.sdk/usr/include]
    add: [/Applications/Xcode.app/Contents/Developer/Toolchains/XcodeDefault.xctoolchain/usr/include]
  end of search list found
  collapse include dir [/Applications/Xcode.app/Contents/Developer/Toolchains/XcodeDefault.xctoolchain/usr/lib/clang/12.0.5/include] ==> [/Applications/Xcode.app/Contents/Developer/Toolchains/XcodeDefault.xctoolchain/usr/lib/clang/12.0.5/include]
  collapse include dir [/Applications/Xcode.app/Contents/Developer/Platforms/MacOSX.platform/Developer/SDKs/MacOSX11.3.sdk/usr/include] ==> [/Applications/Xcode.app/Contents/Developer/Platforms/MacOSX.platform/Developer/SDKs/MacOSX11.3.sdk/usr/include]
  collapse include dir [/Applications/Xcode.app/Contents/Developer/Toolchains/XcodeDefault.xctoolchain/usr/include] ==> [/Applications/Xcode.app/Contents/Developer/Toolchains/XcodeDefault.xctoolchain/usr/include]
  implicit include dirs: [/Applications/Xcode.app/Contents/Developer/Toolchains/XcodeDefault.xctoolchain/usr/lib/clang/12.0.5/include;/Applications/Xcode.app/Contents/Developer/Platforms/MacOSX.platform/Developer/SDKs/MacOSX11.3.sdk/usr/include;/Applications/Xcode.app/Contents/Developer/Toolchains/XcodeDefault.xctoolchain/usr/include]


Parsed C implicit link information from above output:
  link line regex: [^( *|.*[/\])(ld|CMAKE_LINK_STARTFILE-NOTFOUND|([^/\]+-)?ld|collect2)[^/\]*( |$)]
  ignore line: [Change Dir: /Users/diaw/Ionboost/build/CMakeFiles/CMakeTmp]
  ignore line: []
  ignore line: [Run Build Command(s):/usr/bin/make -f Makefile cmTC_923cf/fast && /Applications/Xcode.app/Contents/Developer/usr/bin/make  -f CMakeFiles/cmTC_923cf.dir/build.make CMakeFiles/cmTC_923cf.dir/build]
  ignore line: [Building C object CMakeFiles/cmTC_923cf.dir/CMakeCCompilerABI.c.o]
  ignore line: [/Applications/Xcode.app/Contents/Developer/Toolchains/XcodeDefault.xctoolchain/usr/bin/cc   -isysroot /Applications/Xcode.app/Contents/Developer/Platforms/MacOSX.platform/Developer/SDKs/MacOSX11.3.sdk   -v -Wl -v -MD -MT CMakeFiles/cmTC_923cf.dir/CMakeCCompilerABI.c.o -MF CMakeFiles/cmTC_923cf.dir/CMakeCCompilerABI.c.o.d -o CMakeFiles/cmTC_923cf.dir/CMakeCCompilerABI.c.o -c /usr/local/share/cmake-3.21/Modules/CMakeCCompilerABI.c]
  ignore line: [Apple clang version 12.0.5 (clang-1205.0.22.9)]
  ignore line: [Target: x86_64-apple-darwin20.4.0]
  ignore line: [Thread model: posix]
  ignore line: [InstalledDir: /Applications/Xcode.app/Contents/Developer/Toolchains/XcodeDefault.xctoolchain/usr/bin]
  ignore line: [clang: warning: -Wl -v: 'linker' input unused [-Wunused-command-line-argument]]
  ignore line: [ "/Applications/Xcode.app/Contents/Developer/Toolchains/XcodeDefault.xctoolchain/usr/bin/clang" -cc1 -triple x86_64-apple-macosx11.0.0 -Wdeprecated-objc-isa-usage -Werror=deprecated-objc-isa-usage -Werror=implicit-function-declaration -emit-obj -mrelax-all -disable-free -disable-llvm-verifier -discard-value-names -main-file-name CMakeCCompilerABI.c -mrelocation-model pic -pic-level 2 -mframe-pointer=all -fno-strict-return -fno-rounding-math -munwind-tables -target-sdk-version=11.3 -fvisibility-inlines-hidden-static-local-var -target-cpu penryn -debugger-tuning=lldb -target-linker-version 650.9 -v -resource-dir /Applications/Xcode.app/Contents/Developer/Toolchains/XcodeDefault.xctoolchain/usr/lib/clang/12.0.5 -dependency-file CMakeFiles/cmTC_923cf.dir/CMakeCCompilerABI.c.o.d -skip-unused-modulemap-deps -MT CMakeFiles/cmTC_923cf.dir/CMakeCCompilerABI.c.o -sys-header-deps -isysroot /Applications/Xcode.app/Contents/Developer/Platforms/MacOSX.platform/Developer/SDKs/MacOSX11.3.sdk -internal-isystem /Applications/Xcode.app/Contents/Developer/Platforms/MacOSX.platform/Developer/SDKs/MacOSX11.3.sdk/usr/local/include -internal-isystem /Applications/Xcode.app/Contents/Developer/Toolchains/XcodeDefault.xctoolchain/usr/lib/clang/12.0.5/include -internal-externc-isystem /Applications/Xcode.app/Contents/Developer/Platforms/MacOSX.platform/Developer/SDKs/MacOSX11.3.sdk/usr/include -internal-externc-isystem /Applications/Xcode.app/Contents/Developer/Toolchains/XcodeDefault.xctoolchain/usr/include -Wno-reorder-init-list -Wno-implicit-int-float-conversion -Wno-c99-designator -Wno-final-dtor-non-final-class -Wno-extra-semi-stmt -Wno-misleading-indentation -Wno-quoted-include-in-framework-header -Wno-implicit-fallthrough -Wno-enum-enum-conversion -Wno-enum-float-conversion -Wno-elaborated-enum-base -fdebug-compilation-dir /Users/diaw/Ionboost/build/CMakeFiles/CMakeTmp -ferror-limit 19 -stack-protector 1 -fstack-check -mdarwin-stkchk-strong-link -fblocks -fencode-extended-block-signature -fregister-global-dtors-with-atexit -fgnuc-version=4.2.1 -fmax-type-align=16 -fcommon -clang-vendor-feature=+disableNonDependentMemberExprInCurrentInstantiation -fno-odr-hash-protocols -mllvm -disable-aligned-alloc-awareness=1 -o CMakeFiles/cmTC_923cf.dir/CMakeCCompilerABI.c.o -x c /usr/local/share/cmake-3.21/Modules/CMakeCCompilerABI.c]
  ignore line: [clang -cc1 version 12.0.5 (clang-1205.0.22.9) default target x86_64-apple-darwin20.4.0]
  ignore line: [ignoring nonexistent directory "/Applications/Xcode.app/Contents/Developer/Platforms/MacOSX.platform/Developer/SDKs/MacOSX11.3.sdk/usr/local/include"]
  ignore line: [ignoring nonexistent directory "/Applications/Xcode.app/Contents/Developer/Platforms/MacOSX.platform/Developer/SDKs/MacOSX11.3.sdk/Library/Frameworks"]
  ignore line: [#include "..." search starts here:]
  ignore line: [#include <...> search starts here:]
  ignore line: [ /Applications/Xcode.app/Contents/Developer/Toolchains/XcodeDefault.xctoolchain/usr/lib/clang/12.0.5/include]
  ignore line: [ /Applications/Xcode.app/Contents/Developer/Platforms/MacOSX.platform/Developer/SDKs/MacOSX11.3.sdk/usr/include]
  ignore line: [ /Applications/Xcode.app/Contents/Developer/Toolchains/XcodeDefault.xctoolchain/usr/include]
  ignore line: [ /Applications/Xcode.app/Contents/Developer/Platforms/MacOSX.platform/Developer/SDKs/MacOSX11.3.sdk/System/Library/Frameworks (framework directory)]
  ignore line: [End of search list.]
  ignore line: [Linking C executable cmTC_923cf]
  ignore line: [/usr/local/bin/cmake -E cmake_link_script CMakeFiles/cmTC_923cf.dir/link.txt --verbose=1]
  ignore line: [/Applications/Xcode.app/Contents/Developer/Toolchains/XcodeDefault.xctoolchain/usr/bin/cc  -isysroot /Applications/Xcode.app/Contents/Developer/Platforms/MacOSX.platform/Developer/SDKs/MacOSX11.3.sdk -Wl -search_paths_first -Wl -headerpad_max_install_names  -v -Wl -v CMakeFiles/cmTC_923cf.dir/CMakeCCompilerABI.c.o -o cmTC_923cf ]
  ignore line: [Apple clang version 12.0.5 (clang-1205.0.22.9)]
  ignore line: [Target: x86_64-apple-darwin20.4.0]
  ignore line: [Thread model: posix]
  ignore line: [InstalledDir: /Applications/Xcode.app/Contents/Developer/Toolchains/XcodeDefault.xctoolchain/usr/bin]
  link line: [ "/Applications/Xcode.app/Contents/Developer/Toolchains/XcodeDefault.xctoolchain/usr/bin/ld" -demangle -lto_library /Applications/Xcode.app/Contents/Developer/Toolchains/XcodeDefault.xctoolchain/usr/lib/libLTO.dylib -dynamic -arch x86_64 -platform_version macos 11.0.0 11.3 -syslibroot /Applications/Xcode.app/Contents/Developer/Platforms/MacOSX.platform/Developer/SDKs/MacOSX11.3.sdk -o cmTC_923cf -search_paths_first -headerpad_max_install_names -v CMakeFiles/cmTC_923cf.dir/CMakeCCompilerABI.c.o -lSystem /Applications/Xcode.app/Contents/Developer/Toolchains/XcodeDefault.xctoolchain/usr/lib/clang/12.0.5/lib/darwin/libclang_rt.osx.a]
    arg [/Applications/Xcode.app/Contents/Developer/Toolchains/XcodeDefault.xctoolchain/usr/bin/ld] ==> ignore
    arg [-demangle] ==> ignore
    arg [-lto_library] ==> ignore, skip following value
    arg [/Applications/Xcode.app/Contents/Developer/Toolchains/XcodeDefault.xctoolchain/usr/lib/libLTO.dylib] ==> skip value of -lto_library
    arg [-dynamic] ==> ignore
    arg [-arch] ==> ignore
    arg [x86_64] ==> ignore
    arg [-platform_version] ==> ignore
    arg [macos] ==> ignore
    arg [11.0.0] ==> ignore
    arg [11.3] ==> ignore
    arg [-syslibroot] ==> ignore
    arg [/Applications/Xcode.app/Contents/Developer/Platforms/MacOSX.platform/Developer/SDKs/MacOSX11.3.sdk] ==> ignore
    arg [-o] ==> ignore
    arg [cmTC_923cf] ==> ignore
    arg [-search_paths_first] ==> ignore
    arg [-headerpad_max_install_names] ==> ignore
    arg [-v] ==> ignore
    arg [CMakeFiles/cmTC_923cf.dir/CMakeCCompilerABI.c.o] ==> ignore
    arg [-lSystem] ==> lib [System]
    arg [/Applications/Xcode.app/Contents/Developer/Toolchains/XcodeDefault.xctoolchain/usr/lib/clang/12.0.5/lib/darwin/libclang_rt.osx.a] ==> lib [/Applications/Xcode.app/Contents/Developer/Toolchains/XcodeDefault.xctoolchain/usr/lib/clang/12.0.5/lib/darwin/libclang_rt.osx.a]
  Library search paths: [;/Applications/Xcode.app/Contents/Developer/Platforms/MacOSX.platform/Developer/SDKs/MacOSX11.3.sdk/usr/lib]
  Framework search paths: [;/Applications/Xcode.app/Contents/Developer/Platforms/MacOSX.platform/Developer/SDKs/MacOSX11.3.sdk/System/Library/Frameworks/]
  remove lib [System]
  remove lib [/Applications/Xcode.app/Contents/Developer/Toolchains/XcodeDefault.xctoolchain/usr/lib/clang/12.0.5/lib/darwin/libclang_rt.osx.a]
  collapse library dir [/Applications/Xcode.app/Contents/Developer/Platforms/MacOSX.platform/Developer/SDKs/MacOSX11.3.sdk/usr/lib] ==> [/Applications/Xcode.app/Contents/Developer/Platforms/MacOSX.platform/Developer/SDKs/MacOSX11.3.sdk/usr/lib]
  collapse framework dir [/Applications/Xcode.app/Contents/Developer/Platforms/MacOSX.platform/Developer/SDKs/MacOSX11.3.sdk/System/Library/Frameworks/] ==> [/Applications/Xcode.app/Contents/Developer/Platforms/MacOSX.platform/Developer/SDKs/MacOSX11.3.sdk/System/Library/Frameworks]
  implicit libs: []
  implicit objs: []
  implicit dirs: [/Applications/Xcode.app/Contents/Developer/Platforms/MacOSX.platform/Developer/SDKs/MacOSX11.3.sdk/usr/lib]
  implicit fwks: [/Applications/Xcode.app/Contents/Developer/Platforms/MacOSX.platform/Developer/SDKs/MacOSX11.3.sdk/System/Library/Frameworks]


Detecting CXX compiler ABI info compiled with the following output:
Change Dir: /Users/diaw/Ionboost/build/CMakeFiles/CMakeTmp

Run Build Command(s):/usr/bin/make -f Makefile cmTC_c7106/fast && /Applications/Xcode.app/Contents/Developer/usr/bin/make  -f CMakeFiles/cmTC_c7106.dir/build.make CMakeFiles/cmTC_c7106.dir/build
Building CXX object CMakeFiles/cmTC_c7106.dir/CMakeCXXCompilerABI.cpp.o
/Applications/Xcode.app/Contents/Developer/Toolchains/XcodeDefault.xctoolchain/usr/bin/c++   -isysroot /Applications/Xcode.app/Contents/Developer/Platforms/MacOSX.platform/Developer/SDKs/MacOSX11.3.sdk   -v -Wl,-v -MD -MT CMakeFiles/cmTC_c7106.dir/CMakeCXXCompilerABI.cpp.o -MF CMakeFiles/cmTC_c7106.dir/CMakeCXXCompilerABI.cpp.o.d -o CMakeFiles/cmTC_c7106.dir/CMakeCXXCompilerABI.cpp.o -c /usr/local/share/cmake-3.21/Modules/CMakeCXXCompilerABI.cpp
Apple clang version 12.0.5 (clang-1205.0.22.9)
Target: x86_64-apple-darwin20.4.0
Thread model: posix
InstalledDir: /Applications/Xcode.app/Contents/Developer/Toolchains/XcodeDefault.xctoolchain/usr/bin
clang: warning: -Wl,-v: 'linker' input unused [-Wunused-command-line-argument]
 "/Applications/Xcode.app/Contents/Developer/Toolchains/XcodeDefault.xctoolchain/usr/bin/clang" -cc1 -triple x86_64-apple-macosx11.0.0 -Wdeprecated-objc-isa-usage -Werror=deprecated-objc-isa-usage -Werror=implicit-function-declaration -emit-obj -mrelax-all -disable-free -disable-llvm-verifier -discard-value-names -main-file-name CMakeCXXCompilerABI.cpp -mrelocation-model pic -pic-level 2 -mframe-pointer=all -fno-strict-return -fno-rounding-math -munwind-tables -target-sdk-version=11.3 -fvisibility-inlines-hidden-static-local-var -target-cpu penryn -debugger-tuning=lldb -target-linker-version 650.9 -v -resource-dir /Applications/Xcode.app/Contents/Developer/Toolchains/XcodeDefault.xctoolchain/usr/lib/clang/12.0.5 -dependency-file CMakeFiles/cmTC_c7106.dir/CMakeCXXCompilerABI.cpp.o.d -skip-unused-modulemap-deps -MT CMakeFiles/cmTC_c7106.dir/CMakeCXXCompilerABI.cpp.o -sys-header-deps -isysroot /Applications/Xcode.app/Contents/Developer/Platforms/MacOSX.platform/Developer/SDKs/MacOSX11.3.sdk -stdlib=libc++ -internal-isystem /Applications/Xcode.app/Contents/Developer/Platforms/MacOSX.platform/Developer/SDKs/MacOSX11.3.sdk/usr/include/c++/v1 -internal-isystem /Applications/Xcode.app/Contents/Developer/Platforms/MacOSX.platform/Developer/SDKs/MacOSX11.3.sdk/usr/local/include -internal-isystem /Applications/Xcode.app/Contents/Developer/Toolchains/XcodeDefault.xctoolchain/usr/lib/clang/12.0.5/include -internal-externc-isystem /Applications/Xcode.app/Contents/Developer/Platforms/MacOSX.platform/Developer/SDKs/MacOSX11.3.sdk/usr/include -internal-externc-isystem /Applications/Xcode.app/Contents/Developer/Toolchains/XcodeDefault.xctoolchain/usr/include -Wno-reorder-init-list -Wno-implicit-int-float-conversion -Wno-c99-designator -Wno-final-dtor-non-final-class -Wno-extra-semi-stmt -Wno-misleading-indentation -Wno-quoted-include-in-framework-header -Wno-implicit-fallthrough -Wno-enum-enum-conversion -Wno-enum-float-conversion -Wno-elaborated-enum-base -fdeprecated-macro -fdebug-compilation-dir /Users/diaw/Ionboost/build/CMakeFiles/CMakeTmp -ferror-limit 19 -stack-protector 1 -fstack-check -mdarwin-stkchk-strong-link -fblocks -fencode-extended-block-signature -fregister-global-dtors-with-atexit -fgnuc-version=4.2.1 -fcxx-exceptions -fexceptions -fmax-type-align=16 -fcommon -clang-vendor-feature=+disableNonDependentMemberExprInCurrentInstantiation -fno-odr-hash-protocols -mllvm -disable-aligned-alloc-awareness=1 -o CMakeFiles/cmTC_c7106.dir/CMakeCXXCompilerABI.cpp.o -x c++ /usr/local/share/cmake-3.21/Modules/CMakeCXXCompilerABI.cpp
clang -cc1 version 12.0.5 (clang-1205.0.22.9) default target x86_64-apple-darwin20.4.0
ignoring nonexistent directory "/Applications/Xcode.app/Contents/Developer/Platforms/MacOSX.platform/Developer/SDKs/MacOSX11.3.sdk/usr/local/include"
ignoring nonexistent directory "/Applications/Xcode.app/Contents/Developer/Platforms/MacOSX.platform/Developer/SDKs/MacOSX11.3.sdk/Library/Frameworks"
#include "..." search starts here:
#include <...> search starts here:
 /Applications/Xcode.app/Contents/Developer/Platforms/MacOSX.platform/Developer/SDKs/MacOSX11.3.sdk/usr/include/c++/v1
 /Applications/Xcode.app/Contents/Developer/Toolchains/XcodeDefault.xctoolchain/usr/lib/clang/12.0.5/include
 /Applications/Xcode.app/Contents/Developer/Platforms/MacOSX.platform/Developer/SDKs/MacOSX11.3.sdk/usr/include
 /Applications/Xcode.app/Contents/Developer/Toolchains/XcodeDefault.xctoolchain/usr/include
 /Applications/Xcode.app/Contents/Developer/Platforms/MacOSX.platform/Developer/SDKs/MacOSX11.3.sdk/System/Library/Frameworks (framework directory)
End of search list.
Linking CXX executable cmTC_c7106
/usr/local/bin/cmake -E cmake_link_script CMakeFiles/cmTC_c7106.dir/link.txt --verbose=1
/Applications/Xcode.app/Contents/Developer/Toolchains/XcodeDefault.xctoolchain/usr/bin/c++  -isysroot /Applications/Xcode.app/Contents/Developer/Platforms/MacOSX.platform/Developer/SDKs/MacOSX11.3.sdk -Wl,-search_paths_first -Wl,-headerpad_max_install_names  -v -Wl,-v CMakeFiles/cmTC_c7106.dir/CMakeCXXCompilerABI.cpp.o -o cmTC_c7106 
Apple clang version 12.0.5 (clang-1205.0.22.9)
Target: x86_64-apple-darwin20.4.0
Thread model: posix
InstalledDir: /Applications/Xcode.app/Contents/Developer/Toolchains/XcodeDefault.xctoolchain/usr/bin
 "/Applications/Xcode.app/Contents/Developer/Toolchains/XcodeDefault.xctoolchain/usr/bin/ld" -demangle -lto_library /Applications/Xcode.app/Contents/Developer/Toolchains/XcodeDefault.xctoolchain/usr/lib/libLTO.dylib -dynamic -arch x86_64 -platform_version macos 11.0.0 11.3 -syslibroot /Applications/Xcode.app/Contents/Developer/Platforms/MacOSX.platform/Developer/SDKs/MacOSX11.3.sdk -o cmTC_c7106 -search_paths_first -headerpad_max_install_names -v CMakeFiles/cmTC_c7106.dir/CMakeCXXCompilerABI.cpp.o -lc++ -lSystem /Applications/Xcode.app/Contents/Developer/Toolchains/XcodeDefault.xctoolchain/usr/lib/clang/12.0.5/lib/darwin/libclang_rt.osx.a
@(#)PROGRAM:ld  PROJECT:ld64-650.9
BUILD 00:19:30 Mar 17 2021
configured to support archs: armv6 armv7 armv7s arm64 arm64e arm64_32 i386 x86_64 x86_64h armv6m armv7k armv7m armv7em
Library search paths:
	/Applications/Xcode.app/Contents/Developer/Platforms/MacOSX.platform/Developer/SDKs/MacOSX11.3.sdk/usr/lib
Framework search paths:
	/Applications/Xcode.app/Contents/Developer/Platforms/MacOSX.platform/Developer/SDKs/MacOSX11.3.sdk/System/Library/Frameworks/



Parsed CXX implicit include dir info from above output: rv=done
  found start of include info
  found start of implicit include info
    add: [/Applications/Xcode.app/Contents/Developer/Platforms/MacOSX.platform/Developer/SDKs/MacOSX11.3.sdk/usr/include/c++/v1]
    add: [/Applications/Xcode.app/Contents/Developer/Toolchains/XcodeDefault.xctoolchain/usr/lib/clang/12.0.5/include]
    add: [/Applications/Xcode.app/Contents/Developer/Platforms/MacOSX.platform/Developer/SDKs/MacOSX11.3.sdk/usr/include]
    add: [/Applications/Xcode.app/Contents/Developer/Toolchains/XcodeDefault.xctoolchain/usr/include]
  end of search list found
  collapse include dir [/Applications/Xcode.app/Contents/Developer/Platforms/MacOSX.platform/Developer/SDKs/MacOSX11.3.sdk/usr/include/c++/v1] ==> [/Applications/Xcode.app/Contents/Developer/Platforms/MacOSX.platform/Developer/SDKs/MacOSX11.3.sdk/usr/include/c++/v1]
  collapse include dir [/Applications/Xcode.app/Contents/Developer/Toolchains/XcodeDefault.xctoolchain/usr/lib/clang/12.0.5/include] ==> [/Applications/Xcode.app/Contents/Developer/Toolchains/XcodeDefault.xctoolchain/usr/lib/clang/12.0.5/include]
  collapse include dir [/Applications/Xcode.app/Contents/Developer/Platforms/MacOSX.platform/Developer/SDKs/MacOSX11.3.sdk/usr/include] ==> [/Applications/Xcode.app/Contents/Developer/Platforms/MacOSX.platform/Developer/SDKs/MacOSX11.3.sdk/usr/include]
  collapse include dir [/Applications/Xcode.app/Contents/Developer/Toolchains/XcodeDefault.xctoolchain/usr/include] ==> [/Applications/Xcode.app/Contents/Developer/Toolchains/XcodeDefault.xctoolchain/usr/include]
  implicit include dirs: [/Applications/Xcode.app/Contents/Developer/Platforms/MacOSX.platform/Developer/SDKs/MacOSX11.3.sdk/usr/include/c++/v1;/Applications/Xcode.app/Contents/Developer/Toolchains/XcodeDefault.xctoolchain/usr/lib/clang/12.0.5/include;/Applications/Xcode.app/Contents/Developer/Platforms/MacOSX.platform/Developer/SDKs/MacOSX11.3.sdk/usr/include;/Applications/Xcode.app/Contents/Developer/Toolchains/XcodeDefault.xctoolchain/usr/include]


Parsed CXX implicit link information from above output:
  link line regex: [^( *|.*[/\])(ld|CMAKE_LINK_STARTFILE-NOTFOUND|([^/\]+-)?ld|collect2)[^/\]*( |$)]
  ignore line: [Change Dir: /Users/diaw/Ionboost/build/CMakeFiles/CMakeTmp]
  ignore line: []
  ignore line: [Run Build Command(s):/usr/bin/make -f Makefile cmTC_c7106/fast && /Applications/Xcode.app/Contents/Developer/usr/bin/make  -f CMakeFiles/cmTC_c7106.dir/build.make CMakeFiles/cmTC_c7106.dir/build]
  ignore line: [Building CXX object CMakeFiles/cmTC_c7106.dir/CMakeCXXCompilerABI.cpp.o]
  ignore line: [/Applications/Xcode.app/Contents/Developer/Toolchains/XcodeDefault.xctoolchain/usr/bin/c++   -isysroot /Applications/Xcode.app/Contents/Developer/Platforms/MacOSX.platform/Developer/SDKs/MacOSX11.3.sdk   -v -Wl -v -MD -MT CMakeFiles/cmTC_c7106.dir/CMakeCXXCompilerABI.cpp.o -MF CMakeFiles/cmTC_c7106.dir/CMakeCXXCompilerABI.cpp.o.d -o CMakeFiles/cmTC_c7106.dir/CMakeCXXCompilerABI.cpp.o -c /usr/local/share/cmake-3.21/Modules/CMakeCXXCompilerABI.cpp]
  ignore line: [Apple clang version 12.0.5 (clang-1205.0.22.9)]
  ignore line: [Target: x86_64-apple-darwin20.4.0]
  ignore line: [Thread model: posix]
  ignore line: [InstalledDir: /Applications/Xcode.app/Contents/Developer/Toolchains/XcodeDefault.xctoolchain/usr/bin]
  ignore line: [clang: warning: -Wl -v: 'linker' input unused [-Wunused-command-line-argument]]
  ignore line: [ "/Applications/Xcode.app/Contents/Developer/Toolchains/XcodeDefault.xctoolchain/usr/bin/clang" -cc1 -triple x86_64-apple-macosx11.0.0 -Wdeprecated-objc-isa-usage -Werror=deprecated-objc-isa-usage -Werror=implicit-function-declaration -emit-obj -mrelax-all -disable-free -disable-llvm-verifier -discard-value-names -main-file-name CMakeCXXCompilerABI.cpp -mrelocation-model pic -pic-level 2 -mframe-pointer=all -fno-strict-return -fno-rounding-math -munwind-tables -target-sdk-version=11.3 -fvisibility-inlines-hidden-static-local-var -target-cpu penryn -debugger-tuning=lldb -target-linker-version 650.9 -v -resource-dir /Applications/Xcode.app/Contents/Developer/Toolchains/XcodeDefault.xctoolchain/usr/lib/clang/12.0.5 -dependency-file CMakeFiles/cmTC_c7106.dir/CMakeCXXCompilerABI.cpp.o.d -skip-unused-modulemap-deps -MT CMakeFiles/cmTC_c7106.dir/CMakeCXXCompilerABI.cpp.o -sys-header-deps -isysroot /Applications/Xcode.app/Contents/Developer/Platforms/MacOSX.platform/Developer/SDKs/MacOSX11.3.sdk -stdlib=libc++ -internal-isystem /Applications/Xcode.app/Contents/Developer/Platforms/MacOSX.platform/Developer/SDKs/MacOSX11.3.sdk/usr/include/c++/v1 -internal-isystem /Applications/Xcode.app/Contents/Developer/Platforms/MacOSX.platform/Developer/SDKs/MacOSX11.3.sdk/usr/local/include -internal-isystem /Applications/Xcode.app/Contents/Developer/Toolchains/XcodeDefault.xctoolchain/usr/lib/clang/12.0.5/include -internal-externc-isystem /Applications/Xcode.app/Contents/Developer/Platforms/MacOSX.platform/Developer/SDKs/MacOSX11.3.sdk/usr/include -internal-externc-isystem /Applications/Xcode.app/Contents/Developer/Toolchains/XcodeDefault.xctoolchain/usr/include -Wno-reorder-init-list -Wno-implicit-int-float-conversion -Wno-c99-designator -Wno-final-dtor-non-final-class -Wno-extra-semi-stmt -Wno-misleading-indentation -Wno-quoted-include-in-framework-header -Wno-implicit-fallthrough -Wno-enum-enum-conversion -Wno-enum-float-conversion -Wno-elaborated-enum-base -fdeprecated-macro -fdebug-compilation-dir /Users/diaw/Ionboost/build/CMakeFiles/CMakeTmp -ferror-limit 19 -stack-protector 1 -fstack-check -mdarwin-stkchk-strong-link -fblocks -fencode-extended-block-signature -fregister-global-dtors-with-atexit -fgnuc-version=4.2.1 -fcxx-exceptions -fexceptions -fmax-type-align=16 -fcommon -clang-vendor-feature=+disableNonDependentMemberExprInCurrentInstantiation -fno-odr-hash-protocols -mllvm -disable-aligned-alloc-awareness=1 -o CMakeFiles/cmTC_c7106.dir/CMakeCXXCompilerABI.cpp.o -x c++ /usr/local/share/cmake-3.21/Modules/CMakeCXXCompilerABI.cpp]
  ignore line: [clang -cc1 version 12.0.5 (clang-1205.0.22.9) default target x86_64-apple-darwin20.4.0]
  ignore line: [ignoring nonexistent directory "/Applications/Xcode.app/Contents/Developer/Platforms/MacOSX.platform/Developer/SDKs/MacOSX11.3.sdk/usr/local/include"]
  ignore line: [ignoring nonexistent directory "/Applications/Xcode.app/Contents/Developer/Platforms/MacOSX.platform/Developer/SDKs/MacOSX11.3.sdk/Library/Frameworks"]
  ignore line: [#include "..." search starts here:]
  ignore line: [#include <...> search starts here:]
  ignore line: [ /Applications/Xcode.app/Contents/Developer/Platforms/MacOSX.platform/Developer/SDKs/MacOSX11.3.sdk/usr/include/c++/v1]
  ignore line: [ /Applications/Xcode.app/Contents/Developer/Toolchains/XcodeDefault.xctoolchain/usr/lib/clang/12.0.5/include]
  ignore line: [ /Applications/Xcode.app/Contents/Developer/Platforms/MacOSX.platform/Developer/SDKs/MacOSX11.3.sdk/usr/include]
  ignore line: [ /Applications/Xcode.app/Contents/Developer/Toolchains/XcodeDefault.xctoolchain/usr/include]
  ignore line: [ /Applications/Xcode.app/Contents/Developer/Platforms/MacOSX.platform/Developer/SDKs/MacOSX11.3.sdk/System/Library/Frameworks (framework directory)]
  ignore line: [End of search list.]
  ignore line: [Linking CXX executable cmTC_c7106]
  ignore line: [/usr/local/bin/cmake -E cmake_link_script CMakeFiles/cmTC_c7106.dir/link.txt --verbose=1]
  ignore line: [/Applications/Xcode.app/Contents/Developer/Toolchains/XcodeDefault.xctoolchain/usr/bin/c++  -isysroot /Applications/Xcode.app/Contents/Developer/Platforms/MacOSX.platform/Developer/SDKs/MacOSX11.3.sdk -Wl -search_paths_first -Wl -headerpad_max_install_names  -v -Wl -v CMakeFiles/cmTC_c7106.dir/CMakeCXXCompilerABI.cpp.o -o cmTC_c7106 ]
  ignore line: [Apple clang version 12.0.5 (clang-1205.0.22.9)]
  ignore line: [Target: x86_64-apple-darwin20.4.0]
  ignore line: [Thread model: posix]
  ignore line: [InstalledDir: /Applications/Xcode.app/Contents/Developer/Toolchains/XcodeDefault.xctoolchain/usr/bin]
  link line: [ "/Applications/Xcode.app/Contents/Developer/Toolchains/XcodeDefault.xctoolchain/usr/bin/ld" -demangle -lto_library /Applications/Xcode.app/Contents/Developer/Toolchains/XcodeDefault.xctoolchain/usr/lib/libLTO.dylib -dynamic -arch x86_64 -platform_version macos 11.0.0 11.3 -syslibroot /Applications/Xcode.app/Contents/Developer/Platforms/MacOSX.platform/Developer/SDKs/MacOSX11.3.sdk -o cmTC_c7106 -search_paths_first -headerpad_max_install_names -v CMakeFiles/cmTC_c7106.dir/CMakeCXXCompilerABI.cpp.o -lc++ -lSystem /Applications/Xcode.app/Contents/Developer/Toolchains/XcodeDefault.xctoolchain/usr/lib/clang/12.0.5/lib/darwin/libclang_rt.osx.a]
    arg [/Applications/Xcode.app/Contents/Developer/Toolchains/XcodeDefault.xctoolchain/usr/bin/ld] ==> ignore
    arg [-demangle] ==> ignore
    arg [-lto_library] ==> ignore, skip following value
    arg [/Applications/Xcode.app/Contents/Developer/Toolchains/XcodeDefault.xctoolchain/usr/lib/libLTO.dylib] ==> skip value of -lto_library
    arg [-dynamic] ==> ignore
    arg [-arch] ==> ignore
    arg [x86_64] ==> ignore
    arg [-platform_version] ==> ignore
    arg [macos] ==> ignore
    arg [11.0.0] ==> ignore
    arg [11.3] ==> ignore
    arg [-syslibroot] ==> ignore
    arg [/Applications/Xcode.app/Contents/Developer/Platforms/MacOSX.platform/Developer/SDKs/MacOSX11.3.sdk] ==> ignore
    arg [-o] ==> ignore
    arg [cmTC_c7106] ==> ignore
    arg [-search_paths_first] ==> ignore
    arg [-headerpad_max_install_names] ==> ignore
    arg [-v] ==> ignore
    arg [CMakeFiles/cmTC_c7106.dir/CMakeCXXCompilerABI.cpp.o] ==> ignore
    arg [-lc++] ==> lib [c++]
    arg [-lSystem] ==> lib [System]
    arg [/Applications/Xcode.app/Contents/Developer/Toolchains/XcodeDefault.xctoolchain/usr/lib/clang/12.0.5/lib/darwin/libclang_rt.osx.a] ==> lib [/Applications/Xcode.app/Contents/Developer/Toolchains/XcodeDefault.xctoolchain/usr/lib/clang/12.0.5/lib/darwin/libclang_rt.osx.a]
  Library search paths: [;/Applications/Xcode.app/Contents/Developer/Platforms/MacOSX.platform/Developer/SDKs/MacOSX11.3.sdk/usr/lib]
  Framework search paths: [;/Applications/Xcode.app/Contents/Developer/Platforms/MacOSX.platform/Developer/SDKs/MacOSX11.3.sdk/System/Library/Frameworks/]
  remove lib [System]
  remove lib [/Applications/Xcode.app/Contents/Developer/Toolchains/XcodeDefault.xctoolchain/usr/lib/clang/12.0.5/lib/darwin/libclang_rt.osx.a]
  collapse library dir [/Applications/Xcode.app/Contents/Developer/Platforms/MacOSX.platform/Developer/SDKs/MacOSX11.3.sdk/usr/lib] ==> [/Applications/Xcode.app/Contents/Developer/Platforms/MacOSX.platform/Developer/SDKs/MacOSX11.3.sdk/usr/lib]
  collapse framework dir [/Applications/Xcode.app/Contents/Developer/Platforms/MacOSX.platform/Developer/SDKs/MacOSX11.3.sdk/System/Library/Frameworks/] ==> [/Applications/Xcode.app/Contents/Developer/Platforms/MacOSX.platform/Developer/SDKs/MacOSX11.3.sdk/System/Library/Frameworks]
  implicit libs: [c++]
  implicit objs: []
  implicit dirs: [/Applications/Xcode.app/Contents/Developer/Platforms/MacOSX.platform/Developer/SDKs/MacOSX11.3.sdk/usr/lib]
  implicit fwks: [/Applications/Xcode.app/Contents/Developer/Platforms/MacOSX.platform/Developer/SDKs/MacOSX11.3.sdk/System/Library/Frameworks]


Compiling the Fortran compiler identification source file "CMakeFortranCompilerId.F" succeeded.
Compiler: /usr/local/bin/gfortran 
Build flags: 
Id flags: -v 

The output was:
0
Driving: /usr/local/bin/gfortran -v CMakeFortranCompilerId.F -mmacosx-version-min=11.3.0 -asm_macosx_version_min=11.3 -l gfortran -shared-libgcc
Using built-in specs.
COLLECT_GCC=/usr/local/bin/gfortran
COLLECT_LTO_WRAPPER=/usr/local/Cellar/gcc/11.1.0_1/libexec/gcc/x86_64-apple-darwin20/11.1.0/lto-wrapper
Target: x86_64-apple-darwin20
Configured with: ../configure --prefix=/usr/local/Cellar/gcc/11.1.0_1 --libdir=/usr/local/Cellar/gcc/11.1.0_1/lib/gcc/11 --disable-nls --enable-checking=release --enable-languages=c,c++,objc,obj-c++,fortran,d --program-suffix=-11 --with-gmp=/usr/local/opt/gmp --with-mpfr=/usr/local/opt/mpfr --with-mpc=/usr/local/opt/libmpc --with-isl=/usr/local/opt/isl --with-zstd=/usr/local/opt/zstd --with-pkgversion='Homebrew GCC 11.1.0_1' --with-bugurl=https://github.com/Homebrew/homebrew-core/issues --enable-libphobos --build=x86_64-apple-darwin20 --with-system-zlib --disable-multilib --without-build-config --with-native-system-header-dir=/usr/include --with-sysroot=/Library/Developer/CommandLineTools/SDKs/MacOSX.sdk
Thread model: posix
Supported LTO compression algorithms: zlib zstd
gcc version 11.1.0 (Homebrew GCC 11.1.0_1) 
COLLECT_GCC_OPTIONS='-v' '-mmacosx-version-min=11.3.0' '-asm_macosx_version_min=11.3' '-shared-libgcc' '-mtune=core2' '-dumpdir' 'a-'
 /usr/local/Cellar/gcc/11.1.0_1/libexec/gcc/x86_64-apple-darwin20/11.1.0/f951 CMakeFortranCompilerId.F -ffixed-form -cpp=/var/folders/1r/psp0k2x94jbbcdg9klvbwgtw0000gn/T//ccyyvDJv.f90 -quiet -v -D__DYNAMIC__ CMakeFortranCompilerId.F -fPIC -quiet -dumpdir a- -dumpbase CMakeFortranCompilerId.F -dumpbase-ext .F -mmacosx-version-min=11.3.0 -mtune=core2 -version -fintrinsic-modules-path /usr/local/Cellar/gcc/11.1.0_1/lib/gcc/11/gcc/x86_64-apple-darwin20/11.1.0/finclude -o /var/folders/1r/psp0k2x94jbbcdg9klvbwgtw0000gn/T//ccWXY1Wa.s
GNU Fortran (Homebrew GCC 11.1.0_1) version 11.1.0 (x86_64-apple-darwin20)
	compiled by GNU C version 11.1.0, GMP version 6.2.1, MPFR version 4.1.0, MPC version 1.2.1, isl version isl-0.24-GMP

GGC heuristics: --param ggc-min-expand=100 --param ggc-min-heapsize=131072
ignoring nonexistent directory "/Library/Developer/CommandLineTools/SDKs/MacOSX.sdk/usr/local/include"
ignoring nonexistent directory "/usr/local/Cellar/gcc/11.1.0_1/lib/gcc/11/gcc/x86_64-apple-darwin20/11.1.0/../../../../../../x86_64-apple-darwin20/include"
#include "..." search starts here:
#include <...> search starts here:
 /usr/local/Cellar/gcc/11.1.0_1/lib/gcc/11/gcc/x86_64-apple-darwin20/11.1.0/finclude
 /usr/local/Cellar/gcc/11.1.0_1/lib/gcc/11/gcc/x86_64-apple-darwin20/11.1.0/include
 /usr/local/Cellar/gcc/11.1.0_1/lib/gcc/11/gcc/x86_64-apple-darwin20/11.1.0/include-fixed
 /Library/Developer/CommandLineTools/SDKs/MacOSX.sdk/usr/include
End of search list.
GNU Fortran2008 (Homebrew GCC 11.1.0_1) version 11.1.0 (x86_64-apple-darwin20)
	compiled by GNU C version 11.1.0, GMP version 6.2.1, MPFR version 4.1.0, MPC version 1.2.1, isl version isl-0.24-GMP

GGC heuristics: --param ggc-min-expand=100 --param ggc-min-heapsize=131072
COLLECT_GCC_OPTIONS='-v' '-mmacosx-version-min=11.3.0'  '-shared-libgcc' '-mtune=core2' '-dumpdir' 'a-'
 as -arch x86_64 -v -force_cpusubtype_ALL -mmacosx-version-min=11.3 -o /var/folders/1r/psp0k2x94jbbcdg9klvbwgtw0000gn/T//ccH9dwe7.o /var/folders/1r/psp0k2x94jbbcdg9klvbwgtw0000gn/T//ccWXY1Wa.s
Apple clang version 12.0.5 (clang-1205.0.22.9)
Target: x86_64-apple-darwin20.4.0
Thread model: posix
InstalledDir: /Applications/Xcode.app/Contents/Developer/Toolchains/XcodeDefault.xctoolchain/usr/bin
 "/Applications/Xcode.app/Contents/Developer/Toolchains/XcodeDefault.xctoolchain/usr/bin/clang" -cc1as -triple x86_64-apple-macosx11.3.0 -filetype obj -main-file-name ccWXY1Wa.s -target-cpu penryn -fdebug-compilation-dir /Users/diaw/Ionboost/build/CMakeFiles/3.21.1/CompilerIdFortran -dwarf-debug-producer "Apple clang version 12.0.5 (clang-1205.0.22.9)" -dwarf-version=4 -mrelocation-model pic -mllvm -disable-aligned-alloc-awareness=1 -o /var/folders/1r/psp0k2x94jbbcdg9klvbwgtw0000gn/T//ccH9dwe7.o /var/folders/1r/psp0k2x94jbbcdg9klvbwgtw0000gn/T//ccWXY1Wa.s
Reading specs from /usr/local/Cellar/gcc/11.1.0_1/lib/gcc/11/gcc/x86_64-apple-darwin20/11.1.0/../../../libgfortran.spec
rename spec lib to liborig
COLLECT_GCC_OPTIONS='-v' '-mmacosx-version-min=11.3.0'  '-shared-libgcc' '-mtune=core2' '-dumpdir' 'a-'
COMPILER_PATH=/usr/local/Cellar/gcc/11.1.0_1/libexec/gcc/x86_64-apple-darwin20/11.1.0/:/usr/local/Cellar/gcc/11.1.0_1/libexec/gcc/x86_64-apple-darwin20/11.1.0/:/usr/local/Cellar/gcc/11.1.0_1/libexec/gcc/x86_64-apple-darwin20/:/usr/local/Cellar/gcc/11.1.0_1/lib/gcc/11/gcc/x86_64-apple-darwin20/11.1.0/:/usr/local/Cellar/gcc/11.1.0_1/lib/gcc/11/gcc/x86_64-apple-darwin20/
LIBRARY_PATH=/usr/local/Cellar/gcc/11.1.0_1/lib/gcc/11/gcc/x86_64-apple-darwin20/11.1.0/:/usr/local/Cellar/gcc/11.1.0_1/lib/gcc/11/gcc/x86_64-apple-darwin20/11.1.0/../../../
COLLECT_GCC_OPTIONS='-v' '-mmacosx-version-min=11.3.0'  '-shared-libgcc' '-mtune=core2' '-dumpdir' 'a.'
 /usr/local/Cellar/gcc/11.1.0_1/libexec/gcc/x86_64-apple-darwin20/11.1.0/collect2 -syslibroot /Library/Developer/CommandLineTools/SDKs/MacOSX.sdk/ -dynamic -arch x86_64 -macosx_version_min 11.3.0 -weak_reference_mismatches non-weak -o a.out -L/usr/local/Cellar/gcc/11.1.0_1/lib/gcc/11/gcc/x86_64-apple-darwin20/11.1.0 -L/usr/local/Cellar/gcc/11.1.0_1/lib/gcc/11/gcc/x86_64-apple-darwin20/11.1.0/../../.. /var/folders/1r/psp0k2x94jbbcdg9klvbwgtw0000gn/T//ccH9dwe7.o -lgfortran -lSystem -lgcc_ext.10.5 -lgcc -lquadmath -lm -lgcc_ext.10.5 -lgcc -lSystem -no_compact_unwind -v
collect2 version 11.1.0
/usr/bin/ld -syslibroot /Library/Developer/CommandLineTools/SDKs/MacOSX.sdk/ -dynamic -arch x86_64 -macosx_version_min 11.3.0 -weak_reference_mismatches non-weak -o a.out -L/usr/local/Cellar/gcc/11.1.0_1/lib/gcc/11/gcc/x86_64-apple-darwin20/11.1.0 -L/usr/local/Cellar/gcc/11.1.0_1/lib/gcc/11/gcc/x86_64-apple-darwin20/11.1.0/../../.. /var/folders/1r/psp0k2x94jbbcdg9klvbwgtw0000gn/T//ccH9dwe7.o -lgfortran -lSystem -lgcc_ext.10.5 -lgcc -lquadmath -lm -lgcc_ext.10.5 -lgcc -lSystem -no_compact_unwind -v
@(#)PROGRAM:ld  PROJECT:ld64-650.9
BUILD 00:19:30 Mar 17 2021
configured to support archs: armv6 armv7 armv7s arm64 arm64e arm64_32 i386 x86_64 x86_64h armv6m armv7k armv7m armv7em
Library search paths:
	/usr/local/Cellar/gcc/11.1.0_1/lib/gcc/11/gcc/x86_64-apple-darwin20/11.1.0
	/usr/local/Cellar/gcc/11.1.0_1/lib/gcc/11
	/Library/Developer/CommandLineTools/SDKs/MacOSX.sdk/usr/lib
Framework search paths:
	/Library/Developer/CommandLineTools/SDKs/MacOSX.sdk/System/Library/Frameworks/


Compilation of the Fortran compiler identification source "CMakeFortranCompilerId.F" produced "a.out"

The Fortran compiler identification is GNU, found in "/Users/diaw/Ionboost/build/CMakeFiles/3.21.1/CompilerIdFortran/a.out"

Detecting Fortran compiler ABI info compiled with the following output:
Change Dir: /Users/diaw/Ionboost/build/CMakeFiles/CMakeTmp

Run Build Command(s):/usr/bin/make -f Makefile cmTC_384ce/fast && /Applications/Xcode.app/Contents/Developer/usr/bin/make  -f CMakeFiles/cmTC_384ce.dir/build.make CMakeFiles/cmTC_384ce.dir/build
Building Fortran object CMakeFiles/cmTC_384ce.dir/CMakeFortranCompilerABI.F.o
/usr/local/bin/gfortran   -isysroot /Applications/Xcode.app/Contents/Developer/Platforms/MacOSX.platform/Developer/SDKs/MacOSX11.3.sdk   -v -Wl,-v -c /usr/local/share/cmake-3.21/Modules/CMakeFortranCompilerABI.F -o CMakeFiles/cmTC_384ce.dir/CMakeFortranCompilerABI.F.o
Using built-in specs.
COLLECT_GCC=/usr/local/bin/gfortran
Target: x86_64-apple-darwin20
Configured with: ../configure --prefix=/usr/local/Cellar/gcc/11.1.0_1 --libdir=/usr/local/Cellar/gcc/11.1.0_1/lib/gcc/11 --disable-nls --enable-checking=release --enable-languages=c,c++,objc,obj-c++,fortran,d --program-suffix=-11 --with-gmp=/usr/local/opt/gmp --with-mpfr=/usr/local/opt/mpfr --with-mpc=/usr/local/opt/libmpc --with-isl=/usr/local/opt/isl --with-zstd=/usr/local/opt/zstd --with-pkgversion='Homebrew GCC 11.1.0_1' --with-bugurl=https://github.com/Homebrew/homebrew-core/issues --enable-libphobos --build=x86_64-apple-darwin20 --with-system-zlib --disable-multilib --without-build-config --with-native-system-header-dir=/usr/include --with-sysroot=/Library/Developer/CommandLineTools/SDKs/MacOSX.sdk
Thread model: posix
Supported LTO compression algorithms: zlib zstd
gcc version 11.1.0 (Homebrew GCC 11.1.0_1) 
COLLECT_GCC_OPTIONS='-isysroot' '/Applications/Xcode.app/Contents/Developer/Platforms/MacOSX.platform/Developer/SDKs/MacOSX11.3.sdk' '-v' '-c' '-o' 'CMakeFiles/cmTC_384ce.dir/CMakeFortranCompilerABI.F.o' '-mmacosx-version-min=11.3.0' '-asm_macosx_version_min=11.3' '-mtune=core2' '-dumpdir' 'CMakeFiles/cmTC_384ce.dir/'
 /usr/local/Cellar/gcc/11.1.0_1/libexec/gcc/x86_64-apple-darwin20/11.1.0/f951 /usr/local/share/cmake-3.21/Modules/CMakeFortranCompilerABI.F -ffixed-form -cpp=/var/folders/1r/psp0k2x94jbbcdg9klvbwgtw0000gn/T//ccpU6ZVu.f90 -quiet -v -D__DYNAMIC__ -isysroot /Applications/Xcode.app/Contents/Developer/Platforms/MacOSX.platform/Developer/SDKs/MacOSX11.3.sdk /usr/local/share/cmake-3.21/Modules/CMakeFortranCompilerABI.F -fPIC -quiet -dumpdir CMakeFiles/cmTC_384ce.dir/ -dumpbase CMakeFortranCompilerABI.F.F -dumpbase-ext .F -mmacosx-version-min=11.3.0 -mtune=core2 -version -fintrinsic-modules-path /usr/local/Cellar/gcc/11.1.0_1/lib/gcc/11/gcc/x86_64-apple-darwin20/11.1.0/finclude -o /var/folders/1r/psp0k2x94jbbcdg9klvbwgtw0000gn/T//cc89Z3R4.s
GNU Fortran (Homebrew GCC 11.1.0_1) version 11.1.0 (x86_64-apple-darwin20)
	compiled by GNU C version 11.1.0, GMP version 6.2.1, MPFR version 4.1.0, MPC version 1.2.1, isl version isl-0.24-GMP

GGC heuristics: --param ggc-min-expand=100 --param ggc-min-heapsize=131072
ignoring nonexistent directory "/Applications/Xcode.app/Contents/Developer/Platforms/MacOSX.platform/Developer/SDKs/MacOSX11.3.sdk/usr/local/include"
ignoring nonexistent directory "/usr/local/Cellar/gcc/11.1.0_1/lib/gcc/11/gcc/x86_64-apple-darwin20/11.1.0/../../../../../../x86_64-apple-darwin20/include"
#include "..." search starts here:
#include <...> search starts here:
 /usr/local/Cellar/gcc/11.1.0_1/lib/gcc/11/gcc/x86_64-apple-darwin20/11.1.0/finclude
 /usr/local/Cellar/gcc/11.1.0_1/lib/gcc/11/gcc/x86_64-apple-darwin20/11.1.0/include
 /usr/local/Cellar/gcc/11.1.0_1/lib/gcc/11/gcc/x86_64-apple-darwin20/11.1.0/include-fixed
 /Applications/Xcode.app/Contents/Developer/Platforms/MacOSX.platform/Developer/SDKs/MacOSX11.3.sdk/usr/include
End of search list.
GNU Fortran2008 (Homebrew GCC 11.1.0_1) version 11.1.0 (x86_64-apple-darwin20)
	compiled by GNU C version 11.1.0, GMP version 6.2.1, MPFR version 4.1.0, MPC version 1.2.1, isl version isl-0.24-GMP

GGC heuristics: --param ggc-min-expand=100 --param ggc-min-heapsize=131072
COLLECT_GCC_OPTIONS='-isysroot' '/Applications/Xcode.app/Contents/Developer/Platforms/MacOSX.platform/Developer/SDKs/MacOSX11.3.sdk' '-v' '-c' '-o' 'CMakeFiles/cmTC_384ce.dir/CMakeFortranCompilerABI.F.o' '-mmacosx-version-min=11.3.0'  '-mtune=core2' '-dumpdir' 'CMakeFiles/cmTC_384ce.dir/'
 as -arch x86_64 -v -force_cpusubtype_ALL -mmacosx-version-min=11.3 -o CMakeFiles/cmTC_384ce.dir/CMakeFortranCompilerABI.F.o /var/folders/1r/psp0k2x94jbbcdg9klvbwgtw0000gn/T//cc89Z3R4.s
Apple clang version 12.0.5 (clang-1205.0.22.9)
Target: x86_64-apple-darwin20.4.0
Thread model: posix
InstalledDir: /Applications/Xcode.app/Contents/Developer/Toolchains/XcodeDefault.xctoolchain/usr/bin
 "/Applications/Xcode.app/Contents/Developer/Toolchains/XcodeDefault.xctoolchain/usr/bin/clang" -cc1as -triple x86_64-apple-macosx11.3.0 -filetype obj -main-file-name cc89Z3R4.s -target-cpu penryn -fdebug-compilation-dir /Users/diaw/Ionboost/build/CMakeFiles/CMakeTmp -dwarf-debug-producer "Apple clang version 12.0.5 (clang-1205.0.22.9)" -dwarf-version=4 -mrelocation-model pic -mllvm -disable-aligned-alloc-awareness=1 -o CMakeFiles/cmTC_384ce.dir/CMakeFortranCompilerABI.F.o /var/folders/1r/psp0k2x94jbbcdg9klvbwgtw0000gn/T//cc89Z3R4.s
COMPILER_PATH=/usr/local/Cellar/gcc/11.1.0_1/libexec/gcc/x86_64-apple-darwin20/11.1.0/:/usr/local/Cellar/gcc/11.1.0_1/libexec/gcc/x86_64-apple-darwin20/11.1.0/:/usr/local/Cellar/gcc/11.1.0_1/libexec/gcc/x86_64-apple-darwin20/:/usr/local/Cellar/gcc/11.1.0_1/lib/gcc/11/gcc/x86_64-apple-darwin20/11.1.0/:/usr/local/Cellar/gcc/11.1.0_1/lib/gcc/11/gcc/x86_64-apple-darwin20/
LIBRARY_PATH=/usr/local/Cellar/gcc/11.1.0_1/lib/gcc/11/gcc/x86_64-apple-darwin20/11.1.0/:/usr/local/Cellar/gcc/11.1.0_1/lib/gcc/11/gcc/x86_64-apple-darwin20/11.1.0/../../../
COLLECT_GCC_OPTIONS='-isysroot' '/Applications/Xcode.app/Contents/Developer/Platforms/MacOSX.platform/Developer/SDKs/MacOSX11.3.sdk' '-v' '-c' '-o' 'CMakeFiles/cmTC_384ce.dir/CMakeFortranCompilerABI.F.o' '-mmacosx-version-min=11.3.0'  '-mtune=core2' '-dumpdir' 'CMakeFiles/cmTC_384ce.dir/CMakeFortranCompilerABI.F.'
Linking Fortran executable cmTC_384ce
/usr/local/bin/cmake -E cmake_link_script CMakeFiles/cmTC_384ce.dir/link.txt --verbose=1
/usr/local/bin/gfortran  -v -Wl,-v  -isysroot /Applications/Xcode.app/Contents/Developer/Platforms/MacOSX.platform/Developer/SDKs/MacOSX11.3.sdk CMakeFiles/cmTC_384ce.dir/CMakeFortranCompilerABI.F.o -o cmTC_384ce 
Driving: /usr/local/bin/gfortran -v -Wl,-v -isysroot /Applications/Xcode.app/Contents/Developer/Platforms/MacOSX.platform/Developer/SDKs/MacOSX11.3.sdk CMakeFiles/cmTC_384ce.dir/CMakeFortranCompilerABI.F.o -o cmTC_384ce -mmacosx-version-min=11.3.0 -asm_macosx_version_min=11.3 -l gfortran -shared-libgcc
Using built-in specs.
COLLECT_GCC=/usr/local/bin/gfortran
COLLECT_LTO_WRAPPER=/usr/local/Cellar/gcc/11.1.0_1/libexec/gcc/x86_64-apple-darwin20/11.1.0/lto-wrapper
Target: x86_64-apple-darwin20
Configured with: ../configure --prefix=/usr/local/Cellar/gcc/11.1.0_1 --libdir=/usr/local/Cellar/gcc/11.1.0_1/lib/gcc/11 --disable-nls --enable-checking=release --enable-languages=c,c++,objc,obj-c++,fortran,d --program-suffix=-11 --with-gmp=/usr/local/opt/gmp --with-mpfr=/usr/local/opt/mpfr --with-mpc=/usr/local/opt/libmpc --with-isl=/usr/local/opt/isl --with-zstd=/usr/local/opt/zstd --with-pkgversion='Homebrew GCC 11.1.0_1' --with-bugurl=https://github.com/Homebrew/homebrew-core/issues --enable-libphobos --build=x86_64-apple-darwin20 --with-system-zlib --disable-multilib --without-build-config --with-native-system-header-dir=/usr/include --with-sysroot=/Library/Developer/CommandLineTools/SDKs/MacOSX.sdk
Thread model: posix
Supported LTO compression algorithms: zlib zstd
gcc version 11.1.0 (Homebrew GCC 11.1.0_1) 
Reading specs from /usr/local/Cellar/gcc/11.1.0_1/lib/gcc/11/gcc/x86_64-apple-darwin20/11.1.0/../../../libgfortran.spec
rename spec lib to liborig
COLLECT_GCC_OPTIONS='-v' '-isysroot' '/Applications/Xcode.app/Contents/Developer/Platforms/MacOSX.platform/Developer/SDKs/MacOSX11.3.sdk' '-o' 'cmTC_384ce' '-mmacosx-version-min=11.3.0' '-asm_macosx_version_min=11.3' '-shared-libgcc' '-mtune=core2' '-dumpdir' 'cmTC_384ce-'
COMPILER_PATH=/usr/local/Cellar/gcc/11.1.0_1/libexec/gcc/x86_64-apple-darwin20/11.1.0/:/usr/local/Cellar/gcc/11.1.0_1/libexec/gcc/x86_64-apple-darwin20/11.1.0/:/usr/local/Cellar/gcc/11.1.0_1/libexec/gcc/x86_64-apple-darwin20/:/usr/local/Cellar/gcc/11.1.0_1/lib/gcc/11/gcc/x86_64-apple-darwin20/11.1.0/:/usr/local/Cellar/gcc/11.1.0_1/lib/gcc/11/gcc/x86_64-apple-darwin20/
LIBRARY_PATH=/usr/local/Cellar/gcc/11.1.0_1/lib/gcc/11/gcc/x86_64-apple-darwin20/11.1.0/:/usr/local/Cellar/gcc/11.1.0_1/lib/gcc/11/gcc/x86_64-apple-darwin20/11.1.0/../../../
COLLECT_GCC_OPTIONS='-v' '-isysroot' '/Applications/Xcode.app/Contents/Developer/Platforms/MacOSX.platform/Developer/SDKs/MacOSX11.3.sdk' '-o' 'cmTC_384ce' '-mmacosx-version-min=11.3.0' '-asm_macosx_version_min=11.3' '-shared-libgcc' '-mtune=core2' '-dumpdir' 'cmTC_384ce.'
 /usr/local/Cellar/gcc/11.1.0_1/libexec/gcc/x86_64-apple-darwin20/11.1.0/collect2 -dynamic -arch x86_64 -macosx_version_min 11.3.0 -syslibroot /Applications/Xcode.app/Contents/Developer/Platforms/MacOSX.platform/Developer/SDKs/MacOSX11.3.sdk -weak_reference_mismatches non-weak -o cmTC_384ce -L/usr/local/Cellar/gcc/11.1.0_1/lib/gcc/11/gcc/x86_64-apple-darwin20/11.1.0 -L/usr/local/Cellar/gcc/11.1.0_1/lib/gcc/11/gcc/x86_64-apple-darwin20/11.1.0/../../.. -v CMakeFiles/cmTC_384ce.dir/CMakeFortranCompilerABI.F.o -lgfortran -lSystem -lgcc_ext.10.5 -lgcc -lquadmath -lm -lgcc_ext.10.5 -lgcc -lSystem -no_compact_unwind -v
collect2 version 11.1.0
/usr/bin/ld -dynamic -arch x86_64 -macosx_version_min 11.3.0 -syslibroot /Applications/Xcode.app/Contents/Developer/Platforms/MacOSX.platform/Developer/SDKs/MacOSX11.3.sdk -weak_reference_mismatches non-weak -o cmTC_384ce -L/usr/local/Cellar/gcc/11.1.0_1/lib/gcc/11/gcc/x86_64-apple-darwin20/11.1.0 -L/usr/local/Cellar/gcc/11.1.0_1/lib/gcc/11/gcc/x86_64-apple-darwin20/11.1.0/../../.. -v CMakeFiles/cmTC_384ce.dir/CMakeFortranCompilerABI.F.o -lgfortran -lSystem -lgcc_ext.10.5 -lgcc -lquadmath -lm -lgcc_ext.10.5 -lgcc -lSystem -no_compact_unwind -v
@(#)PROGRAM:ld  PROJECT:ld64-650.9
BUILD 00:19:30 Mar 17 2021
configured to support archs: armv6 armv7 armv7s arm64 arm64e arm64_32 i386 x86_64 x86_64h armv6m armv7k armv7m armv7em
@(#)PROGRAM:ld  PROJECT:ld64-650.9
BUILD 00:19:30 Mar 17 2021
configured to support archs: armv6 armv7 armv7s arm64 arm64e arm64_32 i386 x86_64 x86_64h armv6m armv7k armv7m armv7em
Library search paths:
	/usr/local/Cellar/gcc/11.1.0_1/lib/gcc/11/gcc/x86_64-apple-darwin20/11.1.0
	/usr/local/Cellar/gcc/11.1.0_1/lib/gcc/11
	/Applications/Xcode.app/Contents/Developer/Platforms/MacOSX.platform/Developer/SDKs/MacOSX11.3.sdk/usr/lib
Framework search paths:
	/Applications/Xcode.app/Contents/Developer/Platforms/MacOSX.platform/Developer/SDKs/MacOSX11.3.sdk/System/Library/Frameworks/



Parsed Fortran implicit include dir info from above output: rv=done
  found start of include info
  found start of implicit include info
    add: [/usr/local/Cellar/gcc/11.1.0_1/lib/gcc/11/gcc/x86_64-apple-darwin20/11.1.0/finclude]
    add: [/usr/local/Cellar/gcc/11.1.0_1/lib/gcc/11/gcc/x86_64-apple-darwin20/11.1.0/include]
    add: [/usr/local/Cellar/gcc/11.1.0_1/lib/gcc/11/gcc/x86_64-apple-darwin20/11.1.0/include-fixed]
    add: [/Applications/Xcode.app/Contents/Developer/Platforms/MacOSX.platform/Developer/SDKs/MacOSX11.3.sdk/usr/include]
  end of search list found
  collapse include dir [/usr/local/Cellar/gcc/11.1.0_1/lib/gcc/11/gcc/x86_64-apple-darwin20/11.1.0/finclude] ==> [/usr/local/Cellar/gcc/11.1.0_1/lib/gcc/11/gcc/x86_64-apple-darwin20/11.1.0/finclude]
  collapse include dir [/usr/local/Cellar/gcc/11.1.0_1/lib/gcc/11/gcc/x86_64-apple-darwin20/11.1.0/include] ==> [/usr/local/Cellar/gcc/11.1.0_1/lib/gcc/11/gcc/x86_64-apple-darwin20/11.1.0/include]
  collapse include dir [/usr/local/Cellar/gcc/11.1.0_1/lib/gcc/11/gcc/x86_64-apple-darwin20/11.1.0/include-fixed] ==> [/usr/local/Cellar/gcc/11.1.0_1/lib/gcc/11/gcc/x86_64-apple-darwin20/11.1.0/include-fixed]
  collapse include dir [/Applications/Xcode.app/Contents/Developer/Platforms/MacOSX.platform/Developer/SDKs/MacOSX11.3.sdk/usr/include] ==> [/Applications/Xcode.app/Contents/Developer/Platforms/MacOSX.platform/Developer/SDKs/MacOSX11.3.sdk/usr/include]
  implicit include dirs: [/usr/local/Cellar/gcc/11.1.0_1/lib/gcc/11/gcc/x86_64-apple-darwin20/11.1.0/finclude;/usr/local/Cellar/gcc/11.1.0_1/lib/gcc/11/gcc/x86_64-apple-darwin20/11.1.0/include;/usr/local/Cellar/gcc/11.1.0_1/lib/gcc/11/gcc/x86_64-apple-darwin20/11.1.0/include-fixed;/Applications/Xcode.app/Contents/Developer/Platforms/MacOSX.platform/Developer/SDKs/MacOSX11.3.sdk/usr/include]


Parsed Fortran implicit link information from above output:
  link line regex: [^( *|.*[/\])(ld|CMAKE_LINK_STARTFILE-NOTFOUND|([^/\]+-)?ld|collect2)[^/\]*( |$)]
  ignore line: [Change Dir: /Users/diaw/Ionboost/build/CMakeFiles/CMakeTmp]
  ignore line: []
  ignore line: [Run Build Command(s):/usr/bin/make -f Makefile cmTC_384ce/fast && /Applications/Xcode.app/Contents/Developer/usr/bin/make  -f CMakeFiles/cmTC_384ce.dir/build.make CMakeFiles/cmTC_384ce.dir/build]
  ignore line: [Building Fortran object CMakeFiles/cmTC_384ce.dir/CMakeFortranCompilerABI.F.o]
  ignore line: [/usr/local/bin/gfortran   -isysroot /Applications/Xcode.app/Contents/Developer/Platforms/MacOSX.platform/Developer/SDKs/MacOSX11.3.sdk   -v -Wl -v -c /usr/local/share/cmake-3.21/Modules/CMakeFortranCompilerABI.F -o CMakeFiles/cmTC_384ce.dir/CMakeFortranCompilerABI.F.o]
  ignore line: [Using built-in specs.]
  ignore line: [COLLECT_GCC=/usr/local/bin/gfortran]
  ignore line: [Target: x86_64-apple-darwin20]
  ignore line: [Configured with: ../configure --prefix=/usr/local/Cellar/gcc/11.1.0_1 --libdir=/usr/local/Cellar/gcc/11.1.0_1/lib/gcc/11 --disable-nls --enable-checking=release --enable-languages=c c++ objc obj-c++ fortran d --program-suffix=-11 --with-gmp=/usr/local/opt/gmp --with-mpfr=/usr/local/opt/mpfr --with-mpc=/usr/local/opt/libmpc --with-isl=/usr/local/opt/isl --with-zstd=/usr/local/opt/zstd --with-pkgversion='Homebrew GCC 11.1.0_1' --with-bugurl=https://github.com/Homebrew/homebrew-core/issues --enable-libphobos --build=x86_64-apple-darwin20 --with-system-zlib --disable-multilib --without-build-config --with-native-system-header-dir=/usr/include --with-sysroot=/Library/Developer/CommandLineTools/SDKs/MacOSX.sdk]
  ignore line: [Thread model: posix]
  ignore line: [Supported LTO compression algorithms: zlib zstd]
  ignore line: [gcc version 11.1.0 (Homebrew GCC 11.1.0_1) ]
  ignore line: [COLLECT_GCC_OPTIONS='-isysroot' '/Applications/Xcode.app/Contents/Developer/Platforms/MacOSX.platform/Developer/SDKs/MacOSX11.3.sdk' '-v' '-c' '-o' 'CMakeFiles/cmTC_384ce.dir/CMakeFortranCompilerABI.F.o' '-mmacosx-version-min=11.3.0' '-asm_macosx_version_min=11.3' '-mtune=core2' '-dumpdir' 'CMakeFiles/cmTC_384ce.dir/']
  ignore line: [ /usr/local/Cellar/gcc/11.1.0_1/libexec/gcc/x86_64-apple-darwin20/11.1.0/f951 /usr/local/share/cmake-3.21/Modules/CMakeFortranCompilerABI.F -ffixed-form -cpp=/var/folders/1r/psp0k2x94jbbcdg9klvbwgtw0000gn/T//ccpU6ZVu.f90 -quiet -v -D__DYNAMIC__ -isysroot /Applications/Xcode.app/Contents/Developer/Platforms/MacOSX.platform/Developer/SDKs/MacOSX11.3.sdk /usr/local/share/cmake-3.21/Modules/CMakeFortranCompilerABI.F -fPIC -quiet -dumpdir CMakeFiles/cmTC_384ce.dir/ -dumpbase CMakeFortranCompilerABI.F.F -dumpbase-ext .F -mmacosx-version-min=11.3.0 -mtune=core2 -version -fintrinsic-modules-path /usr/local/Cellar/gcc/11.1.0_1/lib/gcc/11/gcc/x86_64-apple-darwin20/11.1.0/finclude -o /var/folders/1r/psp0k2x94jbbcdg9klvbwgtw0000gn/T//cc89Z3R4.s]
  ignore line: [GNU Fortran (Homebrew GCC 11.1.0_1) version 11.1.0 (x86_64-apple-darwin20)]
  ignore line: [	compiled by GNU C version 11.1.0  GMP version 6.2.1  MPFR version 4.1.0  MPC version 1.2.1  isl version isl-0.24-GMP]
  ignore line: []
  ignore line: [GGC heuristics: --param ggc-min-expand=100 --param ggc-min-heapsize=131072]
  ignore line: [ignoring nonexistent directory "/Applications/Xcode.app/Contents/Developer/Platforms/MacOSX.platform/Developer/SDKs/MacOSX11.3.sdk/usr/local/include"]
  ignore line: [ignoring nonexistent directory "/usr/local/Cellar/gcc/11.1.0_1/lib/gcc/11/gcc/x86_64-apple-darwin20/11.1.0/../../../../../../x86_64-apple-darwin20/include"]
  ignore line: [#include "..." search starts here:]
  ignore line: [#include <...> search starts here:]
  ignore line: [ /usr/local/Cellar/gcc/11.1.0_1/lib/gcc/11/gcc/x86_64-apple-darwin20/11.1.0/finclude]
  ignore line: [ /usr/local/Cellar/gcc/11.1.0_1/lib/gcc/11/gcc/x86_64-apple-darwin20/11.1.0/include]
  ignore line: [ /usr/local/Cellar/gcc/11.1.0_1/lib/gcc/11/gcc/x86_64-apple-darwin20/11.1.0/include-fixed]
  ignore line: [ /Applications/Xcode.app/Contents/Developer/Platforms/MacOSX.platform/Developer/SDKs/MacOSX11.3.sdk/usr/include]
  ignore line: [End of search list.]
  ignore line: [GNU Fortran2008 (Homebrew GCC 11.1.0_1) version 11.1.0 (x86_64-apple-darwin20)]
  ignore line: [	compiled by GNU C version 11.1.0  GMP version 6.2.1  MPFR version 4.1.0  MPC version 1.2.1  isl version isl-0.24-GMP]
  ignore line: []
  ignore line: [GGC heuristics: --param ggc-min-expand=100 --param ggc-min-heapsize=131072]
  ignore line: [COLLECT_GCC_OPTIONS='-isysroot' '/Applications/Xcode.app/Contents/Developer/Platforms/MacOSX.platform/Developer/SDKs/MacOSX11.3.sdk' '-v' '-c' '-o' 'CMakeFiles/cmTC_384ce.dir/CMakeFortranCompilerABI.F.o' '-mmacosx-version-min=11.3.0'  '-mtune=core2' '-dumpdir' 'CMakeFiles/cmTC_384ce.dir/']
  ignore line: [ as -arch x86_64 -v -force_cpusubtype_ALL -mmacosx-version-min=11.3 -o CMakeFiles/cmTC_384ce.dir/CMakeFortranCompilerABI.F.o /var/folders/1r/psp0k2x94jbbcdg9klvbwgtw0000gn/T//cc89Z3R4.s]
  ignore line: [Apple clang version 12.0.5 (clang-1205.0.22.9)]
  ignore line: [Target: x86_64-apple-darwin20.4.0]
  ignore line: [Thread model: posix]
  ignore line: [InstalledDir: /Applications/Xcode.app/Contents/Developer/Toolchains/XcodeDefault.xctoolchain/usr/bin]
  ignore line: [ "/Applications/Xcode.app/Contents/Developer/Toolchains/XcodeDefault.xctoolchain/usr/bin/clang" -cc1as -triple x86_64-apple-macosx11.3.0 -filetype obj -main-file-name cc89Z3R4.s -target-cpu penryn -fdebug-compilation-dir /Users/diaw/Ionboost/build/CMakeFiles/CMakeTmp -dwarf-debug-producer "Apple clang version 12.0.5 (clang-1205.0.22.9)" -dwarf-version=4 -mrelocation-model pic -mllvm -disable-aligned-alloc-awareness=1 -o CMakeFiles/cmTC_384ce.dir/CMakeFortranCompilerABI.F.o /var/folders/1r/psp0k2x94jbbcdg9klvbwgtw0000gn/T//cc89Z3R4.s]
  ignore line: [COMPILER_PATH=/usr/local/Cellar/gcc/11.1.0_1/libexec/gcc/x86_64-apple-darwin20/11.1.0/:/usr/local/Cellar/gcc/11.1.0_1/libexec/gcc/x86_64-apple-darwin20/11.1.0/:/usr/local/Cellar/gcc/11.1.0_1/libexec/gcc/x86_64-apple-darwin20/:/usr/local/Cellar/gcc/11.1.0_1/lib/gcc/11/gcc/x86_64-apple-darwin20/11.1.0/:/usr/local/Cellar/gcc/11.1.0_1/lib/gcc/11/gcc/x86_64-apple-darwin20/]
  ignore line: [LIBRARY_PATH=/usr/local/Cellar/gcc/11.1.0_1/lib/gcc/11/gcc/x86_64-apple-darwin20/11.1.0/:/usr/local/Cellar/gcc/11.1.0_1/lib/gcc/11/gcc/x86_64-apple-darwin20/11.1.0/../../../]
  ignore line: [COLLECT_GCC_OPTIONS='-isysroot' '/Applications/Xcode.app/Contents/Developer/Platforms/MacOSX.platform/Developer/SDKs/MacOSX11.3.sdk' '-v' '-c' '-o' 'CMakeFiles/cmTC_384ce.dir/CMakeFortranCompilerABI.F.o' '-mmacosx-version-min=11.3.0'  '-mtune=core2' '-dumpdir' 'CMakeFiles/cmTC_384ce.dir/CMakeFortranCompilerABI.F.']
  ignore line: [Linking Fortran executable cmTC_384ce]
  ignore line: [/usr/local/bin/cmake -E cmake_link_script CMakeFiles/cmTC_384ce.dir/link.txt --verbose=1]
  ignore line: [/usr/local/bin/gfortran  -v -Wl -v  -isysroot /Applications/Xcode.app/Contents/Developer/Platforms/MacOSX.platform/Developer/SDKs/MacOSX11.3.sdk CMakeFiles/cmTC_384ce.dir/CMakeFortranCompilerABI.F.o -o cmTC_384ce ]
  ignore line: [Driving: /usr/local/bin/gfortran -v -Wl -v -isysroot /Applications/Xcode.app/Contents/Developer/Platforms/MacOSX.platform/Developer/SDKs/MacOSX11.3.sdk CMakeFiles/cmTC_384ce.dir/CMakeFortranCompilerABI.F.o -o cmTC_384ce -mmacosx-version-min=11.3.0 -asm_macosx_version_min=11.3 -l gfortran -shared-libgcc]
  ignore line: [Using built-in specs.]
  ignore line: [COLLECT_GCC=/usr/local/bin/gfortran]
  ignore line: [COLLECT_LTO_WRAPPER=/usr/local/Cellar/gcc/11.1.0_1/libexec/gcc/x86_64-apple-darwin20/11.1.0/lto-wrapper]
  ignore line: [Target: x86_64-apple-darwin20]
  ignore line: [Configured with: ../configure --prefix=/usr/local/Cellar/gcc/11.1.0_1 --libdir=/usr/local/Cellar/gcc/11.1.0_1/lib/gcc/11 --disable-nls --enable-checking=release --enable-languages=c c++ objc obj-c++ fortran d --program-suffix=-11 --with-gmp=/usr/local/opt/gmp --with-mpfr=/usr/local/opt/mpfr --with-mpc=/usr/local/opt/libmpc --with-isl=/usr/local/opt/isl --with-zstd=/usr/local/opt/zstd --with-pkgversion='Homebrew GCC 11.1.0_1' --with-bugurl=https://github.com/Homebrew/homebrew-core/issues --enable-libphobos --build=x86_64-apple-darwin20 --with-system-zlib --disable-multilib --without-build-config --with-native-system-header-dir=/usr/include --with-sysroot=/Library/Developer/CommandLineTools/SDKs/MacOSX.sdk]
  ignore line: [Thread model: posix]
  ignore line: [Supported LTO compression algorithms: zlib zstd]
  ignore line: [gcc version 11.1.0 (Homebrew GCC 11.1.0_1) ]
  ignore line: [Reading specs from /usr/local/Cellar/gcc/11.1.0_1/lib/gcc/11/gcc/x86_64-apple-darwin20/11.1.0/../../../libgfortran.spec]
  ignore line: [rename spec lib to liborig]
  ignore line: [COLLECT_GCC_OPTIONS='-v' '-isysroot' '/Applications/Xcode.app/Contents/Developer/Platforms/MacOSX.platform/Developer/SDKs/MacOSX11.3.sdk' '-o' 'cmTC_384ce' '-mmacosx-version-min=11.3.0' '-asm_macosx_version_min=11.3' '-shared-libgcc' '-mtune=core2' '-dumpdir' 'cmTC_384ce-']
  ignore line: [COMPILER_PATH=/usr/local/Cellar/gcc/11.1.0_1/libexec/gcc/x86_64-apple-darwin20/11.1.0/:/usr/local/Cellar/gcc/11.1.0_1/libexec/gcc/x86_64-apple-darwin20/11.1.0/:/usr/local/Cellar/gcc/11.1.0_1/libexec/gcc/x86_64-apple-darwin20/:/usr/local/Cellar/gcc/11.1.0_1/lib/gcc/11/gcc/x86_64-apple-darwin20/11.1.0/:/usr/local/Cellar/gcc/11.1.0_1/lib/gcc/11/gcc/x86_64-apple-darwin20/]
  ignore line: [LIBRARY_PATH=/usr/local/Cellar/gcc/11.1.0_1/lib/gcc/11/gcc/x86_64-apple-darwin20/11.1.0/:/usr/local/Cellar/gcc/11.1.0_1/lib/gcc/11/gcc/x86_64-apple-darwin20/11.1.0/../../../]
  ignore line: [COLLECT_GCC_OPTIONS='-v' '-isysroot' '/Applications/Xcode.app/Contents/Developer/Platforms/MacOSX.platform/Developer/SDKs/MacOSX11.3.sdk' '-o' 'cmTC_384ce' '-mmacosx-version-min=11.3.0' '-asm_macosx_version_min=11.3' '-shared-libgcc' '-mtune=core2' '-dumpdir' 'cmTC_384ce.']
  link line: [ /usr/local/Cellar/gcc/11.1.0_1/libexec/gcc/x86_64-apple-darwin20/11.1.0/collect2 -dynamic -arch x86_64 -macosx_version_min 11.3.0 -syslibroot /Applications/Xcode.app/Contents/Developer/Platforms/MacOSX.platform/Developer/SDKs/MacOSX11.3.sdk -weak_reference_mismatches non-weak -o cmTC_384ce -L/usr/local/Cellar/gcc/11.1.0_1/lib/gcc/11/gcc/x86_64-apple-darwin20/11.1.0 -L/usr/local/Cellar/gcc/11.1.0_1/lib/gcc/11/gcc/x86_64-apple-darwin20/11.1.0/../../.. -v CMakeFiles/cmTC_384ce.dir/CMakeFortranCompilerABI.F.o -lgfortran -lSystem -lgcc_ext.10.5 -lgcc -lquadmath -lm -lgcc_ext.10.5 -lgcc -lSystem -no_compact_unwind -v]
    arg [/usr/local/Cellar/gcc/11.1.0_1/libexec/gcc/x86_64-apple-darwin20/11.1.0/collect2] ==> ignore
    arg [-dynamic] ==> ignore
    arg [-arch] ==> ignore
    arg [x86_64] ==> ignore
    arg [-macosx_version_min] ==> ignore
    arg [11.3.0] ==> ignore
    arg [-syslibroot] ==> ignore
    arg [/Applications/Xcode.app/Contents/Developer/Platforms/MacOSX.platform/Developer/SDKs/MacOSX11.3.sdk] ==> ignore
    arg [-weak_reference_mismatches] ==> ignore
    arg [non-weak] ==> ignore
    arg [-o] ==> ignore
    arg [cmTC_384ce] ==> ignore
    arg [-L/usr/local/Cellar/gcc/11.1.0_1/lib/gcc/11/gcc/x86_64-apple-darwin20/11.1.0] ==> dir [/usr/local/Cellar/gcc/11.1.0_1/lib/gcc/11/gcc/x86_64-apple-darwin20/11.1.0]
    arg [-L/usr/local/Cellar/gcc/11.1.0_1/lib/gcc/11/gcc/x86_64-apple-darwin20/11.1.0/../../..] ==> dir [/usr/local/Cellar/gcc/11.1.0_1/lib/gcc/11/gcc/x86_64-apple-darwin20/11.1.0/../../..]
    arg [-v] ==> ignore
    arg [CMakeFiles/cmTC_384ce.dir/CMakeFortranCompilerABI.F.o] ==> ignore
    arg [-lgfortran] ==> lib [gfortran]
    arg [-lSystem] ==> lib [System]
    arg [-lgcc_ext.10.5] ==> lib [gcc_ext.10.5]
    arg [-lgcc] ==> lib [gcc]
    arg [-lquadmath] ==> lib [quadmath]
    arg [-lm] ==> lib [m]
    arg [-lgcc_ext.10.5] ==> lib [gcc_ext.10.5]
    arg [-lgcc] ==> lib [gcc]
    arg [-lSystem] ==> lib [System]
    arg [-no_compact_unwind] ==> ignore
    arg [-v] ==> ignore
  Library search paths: [;/usr/local/Cellar/gcc/11.1.0_1/lib/gcc/11/gcc/x86_64-apple-darwin20/11.1.0;/usr/local/Cellar/gcc/11.1.0_1/lib/gcc/11;/Applications/Xcode.app/Contents/Developer/Platforms/MacOSX.platform/Developer/SDKs/MacOSX11.3.sdk/usr/lib]
  Framework search paths: [;/Applications/Xcode.app/Contents/Developer/Platforms/MacOSX.platform/Developer/SDKs/MacOSX11.3.sdk/System/Library/Frameworks/]
  remove lib [System]
  remove lib [System]
  collapse library dir [/usr/local/Cellar/gcc/11.1.0_1/lib/gcc/11/gcc/x86_64-apple-darwin20/11.1.0] ==> [/usr/local/Cellar/gcc/11.1.0_1/lib/gcc/11/gcc/x86_64-apple-darwin20/11.1.0]
  collapse library dir [/usr/local/Cellar/gcc/11.1.0_1/lib/gcc/11/gcc/x86_64-apple-darwin20/11.1.0/../../..] ==> [/usr/local/Cellar/gcc/11.1.0_1/lib/gcc/11]
  collapse library dir [/usr/local/Cellar/gcc/11.1.0_1/lib/gcc/11/gcc/x86_64-apple-darwin20/11.1.0] ==> [/usr/local/Cellar/gcc/11.1.0_1/lib/gcc/11/gcc/x86_64-apple-darwin20/11.1.0]
  collapse library dir [/usr/local/Cellar/gcc/11.1.0_1/lib/gcc/11] ==> [/usr/local/Cellar/gcc/11.1.0_1/lib/gcc/11]
  collapse library dir [/Applications/Xcode.app/Contents/Developer/Platforms/MacOSX.platform/Developer/SDKs/MacOSX11.3.sdk/usr/lib] ==> [/Applications/Xcode.app/Contents/Developer/Platforms/MacOSX.platform/Developer/SDKs/MacOSX11.3.sdk/usr/lib]
  collapse framework dir [/Applications/Xcode.app/Contents/Developer/Platforms/MacOSX.platform/Developer/SDKs/MacOSX11.3.sdk/System/Library/Frameworks/] ==> [/Applications/Xcode.app/Contents/Developer/Platforms/MacOSX.platform/Developer/SDKs/MacOSX11.3.sdk/System/Library/Frameworks]
  implicit libs: [gfortran;gcc_ext.10.5;gcc;quadmath;m;gcc_ext.10.5;gcc]
  implicit objs: []
  implicit dirs: [/usr/local/Cellar/gcc/11.1.0_1/lib/gcc/11/gcc/x86_64-apple-darwin20/11.1.0;/usr/local/Cellar/gcc/11.1.0_1/lib/gcc/11;/Applications/Xcode.app/Contents/Developer/Platforms/MacOSX.platform/Developer/SDKs/MacOSX11.3.sdk/usr/lib]
  implicit fwks: [/Applications/Xcode.app/Contents/Developer/Platforms/MacOSX.platform/Developer/SDKs/MacOSX11.3.sdk/System/Library/Frameworks]


Determining if the Fortran compiler supports Fortran 90 passed with the following output:
Change Dir: /Users/diaw/Ionboost/build/CMakeFiles/CMakeTmp

Run Build Command(s):/usr/bin/make -f Makefile cmTC_6facc/fast && /Applications/Xcode.app/Contents/Developer/usr/bin/make  -f CMakeFiles/cmTC_6facc.dir/build.make CMakeFiles/cmTC_6facc.dir/build
Building Fortran object CMakeFiles/cmTC_6facc.dir/testFortranCompilerF90.f90.o
/usr/local/bin/gfortran   -isysroot /Applications/Xcode.app/Contents/Developer/Platforms/MacOSX.platform/Developer/SDKs/MacOSX11.3.sdk -c /Users/diaw/Ionboost/build/CMakeFiles/CMakeTmp/testFortranCompilerF90.f90 -o CMakeFiles/cmTC_6facc.dir/testFortranCompilerF90.f90.o
Linking Fortran executable cmTC_6facc
/usr/local/bin/cmake -E cmake_link_script CMakeFiles/cmTC_6facc.dir/link.txt --verbose=1
/usr/local/bin/gfortran  -isysroot /Applications/Xcode.app/Contents/Developer/Platforms/MacOSX.platform/Developer/SDKs/MacOSX11.3.sdk CMakeFiles/cmTC_6facc.dir/testFortranCompilerF90.f90.o -o cmTC_6facc 



